capacitor.config.ts(1,38): error TS2307: Cannot find module '@capacitor/cli' or its corresponding type declarations.
components/trips/tabs/TripChecklist.tsx(2,41): error TS2307: Cannot find module '../../types' or its corresponding type declarations.
components/trips/tabs/TripExchange.tsx(2,41): error TS2307: Cannot find module '../../types' or its corresponding type declarations.
components/trips/tabs/TripItinerary.tsx(2,41): error TS2307: Cannot find module '../../types' or its corresponding type declarations.
components/trips/tabs/TripOverview.tsx(2,52): error TS2307: Cannot find module '../../types' or its corresponding type declarations.
components/trips/tabs/TripShopping.tsx(2,40): error TS2307: Cannot find module '../../types' or its corresponding type declarations.
components/trips/tabs/TripStats.tsx(2,52): error TS2307: Cannot find module '../../types' or its corresponding type declarations.
components/trips/tabs/TripStats.tsx(3,22): error TS2307: Cannot find module '../ui/Card' or its corresponding type declarations.
components/trips/tabs/TripStats.tsx(5,32): error TS2307: Cannot find module '../../utils' or its corresponding type declarations.
components/trips/TripForm.tsx(2,30): error TS2724: '"../../types"' has no exported member named 'FAMILY_MEMBERS'. Did you mean 'FamilyMember'?
components/trips/TripForm.tsx(3,22): error TS2307: Cannot find module '../../ui/Card' or its corresponding type declarations.
components/trips/TripForm.tsx(4,24): error TS2307: Cannot find module '../../ui/Button' or its corresponding type declarations.
services/seeder.ts(1,20): error TS2307: Cannot find module './db' or its corresponding type declarations.
